[0m[1maws_secretsmanager_secret.db: Refreshing state... [id=arn:aws:secretsmanager:eu-west-3:000000000000:secret:regional-health/db-ugIKyN][0m
[0m[1maws_secretsmanager_secret_version.db: Refreshing state... [id=arn:aws:secretsmanager:eu-west-3:000000000000:secret:regional-health/db-ugIKyN|terraform-9IKdSyQUFfCvIKscohGfyS7nLH][0m

Terraform used the selected providers to generate the following execution
plan. Resource actions are indicated with the following symbols:
  [31m-[0m destroy[0m

Terraform will perform the following actions:

[1m  # aws_secretsmanager_secret.db[0m will be [1m[31mdestroyed[0m
[0m  [31m-[0m[0m resource "aws_secretsmanager_secret" "db" {
      [31m-[0m[0m arn                            = "arn:aws:secretsmanager:eu-west-3:000000000000:secret:regional-health/db-ugIKyN" [90m-> null[0m[0m
      [31m-[0m[0m force_overwrite_replica_secret = false [90m-> null[0m[0m
      [31m-[0m[0m id                             = "arn:aws:secretsmanager:eu-west-3:000000000000:secret:regional-health/db-ugIKyN" [90m-> null[0m[0m
      [31m-[0m[0m name                           = "regional-health/db" [90m-> null[0m[0m
      [31m-[0m[0m recovery_window_in_days        = 30 [90m-> null[0m[0m
      [31m-[0m[0m region                         = "eu-west-3" [90m-> null[0m[0m
      [31m-[0m[0m tags                           = {} [90m-> null[0m[0m
      [31m-[0m[0m tags_all                       = {} [90m-> null[0m[0m
        [90m# (5 unchanged attributes hidden)[0m[0m
    }

[1m  # aws_secretsmanager_secret_version.db[0m will be [1m[31mdestroyed[0m
[0m  [31m-[0m[0m resource "aws_secretsmanager_secret_version" "db" {
      [31m-[0m[0m arn              = "arn:aws:secretsmanager:eu-west-3:000000000000:secret:regional-health/db-ugIKyN" [90m-> null[0m[0m
      [31m-[0m[0m id               = "arn:aws:secretsmanager:eu-west-3:000000000000:secret:regional-health/db-ugIKyN|terraform-9IKdSyQUFfCvIKscohGfyS7nLH" [90m-> null[0m[0m
      [31m-[0m[0m region           = "eu-west-3" [90m-> null[0m[0m
      [31m-[0m[0m secret_arn       = "arn:aws:secretsmanager:eu-west-3:000000000000:secret:regional-health/db-ugIKyN" [90m-> null[0m[0m
      [31m-[0m[0m secret_id        = "arn:aws:secretsmanager:eu-west-3:000000000000:secret:regional-health/db-ugIKyN" [90m-> null[0m[0m
      [31m-[0m[0m secret_string    = (sensitive value) [90m-> null[0m[0m
      [31m-[0m[0m secret_string_wo = (write-only attribute) [90m-> null[0m[0m
      [31m-[0m[0m version_id       = "terraform-9IKdSyQUFfCvIKscohGfyS7nLH" [90m-> null[0m[0m
      [31m-[0m[0m version_stages   = [
          [31m-[0m[0m "AWSCURRENT",
        ] [90m-> null[0m[0m
        [90m# (1 unchanged attribute hidden)[0m[0m
    }

[1mPlan:[0m [0m0 to add, 0 to change, 2 to destroy.

Changes to Outputs:
  [31m-[0m[0m db_endpoint = "mysql-81b8c54-wachiraglorywairimu-4d3d.l.aivencloud.com" [90m-> null[0m[0m
  [31m-[0m[0m db_port     = 18676 [90m-> null[0m[0m
  [31m-[0m[0m secret_arn  = "arn:aws:secretsmanager:eu-west-3:000000000000:secret:regional-health/db-ugIKyN" [90m-> null[0m[0m
  [31m-[0m[0m secret_name = "regional-health/db" [90m-> null[0m[0m
[0m[1maws_secretsmanager_secret_version.db: Destroying... [id=arn:aws:secretsmanager:eu-west-3:000000000000:secret:regional-health/db-ugIKyN|terraform-9IKdSyQUFfCvIKscohGfyS7nLH][0m[0m
[0m[1maws_secretsmanager_secret_version.db: Destruction complete after 0s[0m
[0m[1maws_secretsmanager_secret.db: Destroying... [id=arn:aws:secretsmanager:eu-west-3:000000000000:secret:regional-health/db-ugIKyN][0m[0m
[0m[1maws_secretsmanager_secret.db: Destruction complete after 0s[0m
[0m[1m[32m
Destroy complete! Resources: 2 destroyed.[0m
